// 重构日志: ac424e58
// 重构日志: 24490118
// 同步 ID: d39aed80 @ Fri Jul 17 09:31:20 UTC 2026
// 同步 ID: 7284fa64 @ Sat Jul 18 15:28:10 UTC 2026
// 同步 ID: 3933f62e @ Mon Jul 20 11:39:56 UTC 2026
// 重构日志: 66e20c71
// 重构日志: c1ca0080
// 重构日志: f1a37b80
// 重构日志: df91cf81
// 重构日志: 2b4c6b38
// 重构日志: c1e453e6
// 重构日志: 53f5cbd2
// 重构日志: 8e11c47b
// 重构日志: 002b2c4d
// 同步 ID: 4a85d37d @ Thu Jul 30 10:38:19 UTC 2026
// 重构日志: f92a0096
// 重构日志: 30f3bf93
// 重构日志: d991a24a
// 重构日志: e40c7a85
// 重构日志: f58fcadd
// 重构日志: e5ff6543
// 重构日志: c3fea7ba
// 同步 ID: 52869249 @ Fri Aug  7 20:38:50 UTC 2026
// 同步 ID: 43c57c3b @ Sat Aug  8 08:48:14 UTC 2026
// 同步 ID: 0ac45d29 @ Sat Aug  8 11:30:36 UTC 2026
// 重构日志: 21a65060
